=========================================
MICROBIAL CONTAMINATION DATABASE BUILD
=========================================
SLURM Job ID: 25374131
Job started at: Mon Jul 14 10:42:09 AM CDT 2025
Working directory: /scratch/sahlab/kathie/Diamond_test/shotgun_viral_genomics
=========================================
Setting up HTCF environment...
Running database build script...
=========================================
Microbial Contamination Database Build
=========================================
Started at: Mon Jul 14 10:42:09 AM CDT 2025
Creating directories...

Step 1: Downloading microbial genomes
=====================================
Downloading Cryptococcus_neoformans_JEC21...
  Downloading Cryptococcus_neoformans_JEC21.fna.gz (attempt 1/3)...
  ✓ Downloaded successfully
  ✓ Extracted Cryptococcus_neoformans_JEC21.fna
Downloading Pseudomonas_aeruginosa_PAO1...
  Downloading Pseudomonas_aeruginosa_PAO1.fna.gz (attempt 1/3)...
  ✓ Downloaded successfully
  ✓ Extracted Pseudomonas_aeruginosa_PAO1.fna
Downloading Escherichia_coli_K12_MG1655...
  Downloading Escherichia_coli_K12_MG1655.fna.gz (attempt 1/3)...
  ✓ Downloaded successfully
  ✓ Extracted Escherichia_coli_K12_MG1655.fna
Downloading Mycoplasma_hyorhinis...
  Downloading Mycoplasma_hyorhinis.fna (attempt 1/3)...
  ✓ Downloaded successfully
  ✓ Downloaded Mycoplasma_hyorhinis.fna
Downloading Saccharomyces_cerevisiae_S288C...
  Downloading Saccharomyces_cerevisiae_S288C.fna.gz (attempt 1/3)...
  ✓ Downloaded successfully
  ✓ Extracted Saccharomyces_cerevisiae_S288C.fna
Downloading Candida_albicans_SC5314...
  Downloading Candida_albicans_SC5314.fna.gz (attempt 1/3)...
  ✓ Downloaded successfully
  ✓ Extracted Candida_albicans_SC5314.fna
Downloading Staphylococcus_aureus_NCTC8325...
  Downloading Staphylococcus_aureus_NCTC8325.fna.gz (attempt 1/3)...
  ✓ Downloaded successfully
  ✓ Extracted Staphylococcus_aureus_NCTC8325.fna

Step 2: Downloading viral RefSeq genomes
========================================
  Downloading viral.1.1.genomic.fna.gz (attempt 1/3)...
  ✓ Downloaded successfully
Extracting viral sequences...
  ✓ Extracted viral sequences

Step 3: Building BLAST database
===============================
Combining 8 FASTA files...
Files to combine: Cryptococcus_neoformans_JEC21.fna Pseudomonas_aeruginosa_PAO1.fna Escherichia_coli_K12_MG1655.fna Mycoplasma_hyorhinis.fna Saccharomyces_cerevisiae_S288C.fna Candida_albicans_SC5314.fna Staphylococcus_aureus_NCTC8325.fna viral.1.1.genomic.fna
Total sequences in database: 18804
Building BLAST database...


Building a new DB, current time: 07/14/2025 11:06:55
New DB name:   /ref/sahlab/data/microbes_db/microbial_contaminants
New DB title:  Microbial Contamination Database
Sequence type: Nucleotide
Keep MBits: T
Maximum file size: 1000000000B
Adding sequences from FASTA; added 18804 sequences in 410.371 seconds.
  ✓ BLAST database created successfully
Creating database info file...

Cleaning up temporary files...
  ✓ Temporary files removed

=========================================
Microbial database build completed!
=========================================
Database location: /ref/sahlab/data/microbes_db/microbial_contaminants
Info file: /ref/sahlab/data/microbes_db/microbial_contaminants_info.txt
Total sequences: 18804

To use this database:
blastn -query contigs.fa -db /ref/sahlab/data/microbes_db/microbial_contaminants -outfmt 6 -max_target_seqs 5 -evalue 1e-10 -num_threads 4
=========================================

=========================================
Job completed at: Mon Jul 14 11:13:49 AM CDT 2025
Database build completed successfully!
=========================================
