=========================================
MICROBIAL CONTAMINATION DATABASE BUILD
=========================================
SLURM Job ID: 25367156
Job started at: Fri Jul 11 07:45:16 PM CDT 2025
Working directory: /scratch/sahlab/kathie/Diamond_test/shotgun_viral_genomics
=========================================
Setting up HTCF environment...
Running database build script...
=========================================
Microbial Contamination Database Build
=========================================
Started at: Fri Jul 11 07:45:17 PM CDT 2025
Creating directories...

Step 1: Downloading microbial genomes
=====================================
Downloading Cryptococcus_neoformans_JEC21...
  Downloading Cryptococcus_neoformans_JEC21.fna.gz (attempt 1/3)...
  ✓ Downloaded successfully
  ✓ Extracted Cryptococcus_neoformans_JEC21.fna
Downloading Pseudomonas_aeruginosa_PAO1...
  Downloading Pseudomonas_aeruginosa_PAO1.fna.gz (attempt 1/3)...
  ✓ Downloaded successfully
  ✓ Extracted Pseudomonas_aeruginosa_PAO1.fna
Downloading Escherichia_coli_K12_MG1655...
  Downloading Escherichia_coli_K12_MG1655.fna.gz (attempt 1/3)...
  ✓ Downloaded successfully
  ✓ Extracted Escherichia_coli_K12_MG1655.fna
Downloading Mycoplasma_hyorhinis...
  Downloading Mycoplasma_hyorhinis.fna.gz (attempt 1/3)...
  ✓ Downloaded successfully
  ✓ Extracted Mycoplasma_hyorhinis.fna
Downloading Saccharomyces_cerevisiae_S288C...
  Downloading Saccharomyces_cerevisiae_S288C.fna.gz (attempt 1/3)...
  ✓ Downloaded successfully
  ✓ Extracted Saccharomyces_cerevisiae_S288C.fna
Downloading Candida_albicans_SC5314...
  Downloading Candida_albicans_SC5314.fna.gz (attempt 1/3)...
  ✓ Downloaded successfully
  ✓ Extracted Candida_albicans_SC5314.fna
Downloading Staphylococcus_aureus_NCTC8325...
  Downloading Staphylococcus_aureus_NCTC8325.fna.gz (attempt 1/3)...
  ✓ Downloaded successfully
  ✓ Extracted Staphylococcus_aureus_NCTC8325.fna

Step 2: Downloading viral RefSeq genomes
========================================
  Downloading viral.1.1.genomic.fna.gz (attempt 1/3)...
  ✓ Downloaded successfully
Extracting viral sequences...
  ✓ Extracted viral sequences

Step 3: Building BLAST database
===============================
Combining all sequences...
Total sequences in database: 18805
Building BLAST database...

=========================================
Job completed at: Fri Jul 11 08:16:57 PM CDT 2025
Database build failed with exit code: 0
=========================================
